// Jest Snapshot v1, https://goo.gl/fbAQLP

exports[`renders Checkbox with custom testID 1`] = `null`;

exports[`renders checked Checkbox with color 1`] = `null`;

exports[`renders checked Checkbox with onPress 1`] = `null`;

exports[`renders indeterminate Checkbox 1`] = `null`;

exports[`renders indeterminate Checkbox with color 1`] = `null`;

exports[`renders unchecked Checkbox with color 1`] = `null`;

exports[`renders unchecked Checkbox with onPress 1`] = `null`;
