// Jest Snapshot v1, https://goo.gl/fbAQLP

exports[`RadioButton RadioButton with custom testID renders properly 1`] = `null`;

exports[`RadioButton on default platform renders properly 1`] = `null`;

exports[`RadioButton on ios platform renders properly 1`] = `null`;

exports[`RadioButton when RadioButton is wrapped by RadioButtonContext.Provider renders properly 1`] = `null`;
