// Jest Snapshot v1, https://goo.gl/fbAQLP

exports[`can render leading radio button control 1`] = `null`;

exports[`can render the Android radio button on different platforms 1`] = `null`;

exports[`can render the iOS radio button on different platforms 1`] = `null`;

exports[`renders unchecked 1`] = `null`;
