// Jest Snapshot v1, https://goo.gl/fbAQLP

exports[`renders avatar with icon 1`] = `null`;

exports[`renders avatar with icon and custom background color 1`] = `null`;

exports[`renders avatar with image 1`] = `null`;

exports[`renders avatar with text 1`] = `null`;

exports[`renders avatar with text and custom background color 1`] = `null`;

exports[`renders avatar with text and custom colors 1`] = `null`;

exports[`renders avatar with text and custom size 1`] = `null`;
