// Jest Snapshot v1, https://goo.gl/fbAQLP

exports[`render visible banner, with custom theme 1`] = `null`;

exports[`renders hidden banner, without action buttons and without image 1`] = `null`;

exports[`renders visible banner, with action buttons and with image 1`] = `null`;

exports[`renders visible banner, with action buttons and without image 1`] = `null`;

exports[`renders visible banner, without action buttons and with image 1`] = `null`;

exports[`renders visible banner, without action buttons and without image 1`] = `null`;
