// Jest Snapshot v1, https://goo.gl/fbAQLP

exports[`hides labels in non-shifting bottom navigation 1`] = `null`;

exports[`hides labels in shifting bottom navigation 1`] = `null`;

exports[`renders bottom navigation with getLazy 1`] = `
<View
  style={
    [
      {
        "flex": 1,
        "overflow": "hidden",
      },
      undefined,
    ]
  }
  testID="bottom-navigation"
>
  <View
    style={
      [
        {
          "flex": 1,
        },
        {
          "backgroundColor": "rgb(255, 251, 255)",
        },
      ]
    }
  >
    <View
      accessibilityElementsHidden={false}
      collapsable={false}
      importantForAccessibility="auto"
      pointerEvents="auto"
      removeClippedSubviews={false}
      style={
        [
          {
            "bottom": 0,
            "left": 0,
            "position": "absolute",
            "right": 0,
            "top": 0,
            "zIndex": 1,
          },
          {
            "display": undefined,
          },
        ]
      }
      testID="RouteScreen: 0"
    >
      <View
        collapsable={false}
        renderToHardwareTextureAndroid={false}
        style={
          {
            "flex": 1,
            "opacity": 1,
            "transform": [
              {
                "translateX": 0,
              },
              {
                "translateY": 0,
              },
            ],
          }
        }
      >
        Route: 0
      </View>
    </View>
    <View
      accessibilityElementsHidden={true}
      collapsable={false}
      importantForAccessibility="no-hide-descendants"
      pointerEvents="none"
      removeClippedSubviews={true}
      style={
        [
          {
            "bottom": 0,
            "left": 0,
            "position": "absolute",
            "right": 0,
            "top": 0,
            "zIndex": 0,
          },
          {
            "display": undefined,
          },
        ]
      }
      testID="RouteScreen: 1"
    >
      <View
        collapsable={false}
        renderToHardwareTextureAndroid={false}
        style={
          {
            "flex": 1,
            "opacity": 0,
            "transform": [
              {
                "translateX": 0,
              },
              {
                "translateY": 9999,
              },
            ],
          }
        }
      >
        Route: 1
      </View>
    </View>
    <View
      accessibilityElementsHidden={true}
      collapsable={false}
      importantForAccessibility="no-hide-descendants"
      pointerEvents="none"
      removeClippedSubviews={true}
      style={
        [
          {
            "bottom": 0,
            "left": 0,
            "position": "absolute",
            "right": 0,
            "top": 0,
            "zIndex": 0,
          },
          {
            "display": undefined,
          },
        ]
      }
      testID="RouteScreen: 3"
    >
      <View
        collapsable={false}
        renderToHardwareTextureAndroid={false}
        style={
          {
            "flex": 1,
            "opacity": 0,
            "transform": [
              {
                "translateX": 0,
              },
              {
                "translateY": 9999,
              },
            ],
          }
        }
      >
        Route: 3
      </View>
    </View>
    <View
      accessibilityElementsHidden={true}
      collapsable={false}
      importantForAccessibility="no-hide-descendants"
      pointerEvents="none"
      removeClippedSubviews={true}
      style={
        [
          {
            "bottom": 0,
            "left": 0,
            "position": "absolute",
            "right": 0,
            "top": 0,
            "zIndex": 0,
          },
          {
            "display": undefined,
          },
        ]
      }
      testID="RouteScreen: 4"
    >
      <View
        collapsable={false}
        renderToHardwareTextureAndroid={false}
        style={
          {
            "flex": 1,
            "opacity": 0,
            "transform": [
              {
                "translateX": 0,
              },
              {
                "translateY": 9999,
              },
            ],
          }
        }
      >
        Route: 4
      </View>
    </View>
  </View>
  <View
    collapsable={false}
    style={
      {
        "alignSelf": undefined,
        "bottom": 0,
        "left": 0,
        "position": undefined,
        "right": 0,
        "shadowColor": "#000",
        "shadowOffset": {
          "height": 0,
          "width": 0,
        },
        "shadowOpacity": 0,
        "shadowRadius": 0,
        "top": undefined,
      }
    }
  >
    <View
      collapsable={false}
      style={
        {
          "shadowColor": "#000",
          "shadowOffset": {
            "height": 0,
            "width": 0,
          },
          "shadowOpacity": 0,
          "shadowRadius": 0,
        }
      }
    >
      <View
        collapsable={false}
        onLayout={[Function]}
        pointerEvents="none"
        style={
          {
            "backgroundColor": "transparent",
          }
        }
      >
        <View
          collapsable={false}
          style={
            {
              "alignItems": "center",
              "backgroundColor": "rgb(245, 238, 235)",
              "overflow": "hidden",
            }
          }
          testID="bottom-navigation-bar-content"
        >
          <View
            accessibilityRole="tablist"
            style={
              [
                {
                  "flexDirection": "row",
                },
                {
                  "marginBottom": 0,
                  "marginHorizontal": 0,
                },
                false,
              ]
            }
          >
            <View
              accessibilityRole="button"
              accessibilityState={
                {
                  "busy": undefined,
                  "checked": undefined,
                  "disabled": undefined,
                  "expanded": undefined,
                  "selected": true,
                }
              }
              accessible={true}
              focusable={true}
              onClick={[Function]}
              onResponderGrant={[Function]}
              onResponderMove={[Function]}
              onResponderRelease={[Function]}
              onResponderTerminate={[Function]}
              onResponderTerminationRequest={[Function]}
              onStartShouldSetResponder={[Function]}
              style={
                [
                  {
                    "flex": 1,
                    "paddingVertical": NaN,
                  },
                  {
                    "paddingVertical": 0,
                  },
                ]
              }
            >
              <View
                pointerEvents="none"
                style={
                  {
                    "paddingBottom": NaN,
                    "paddingTop": NaN,
                  }
                }
              >
                <View
                  collapsable={false}
                  style={
                    {
                      "alignSelf": "center",
                      "height": NaN,
                      "justifyContent": "center",
                      "marginBottom": NaN,
                      "marginHorizontal": NaN,
                      "marginTop": 0,
                      "width": NaN,
                    }
                  }
                >
                  <View
                    collapsable={false}
                    style={
                      {
                        "alignSelf": "center",
                        "backgroundColor": "rgb(252, 222, 188)",
                        "borderRadius": NaN,
                        "height": NaN,
                        "transform": [
                          {
                            "scaleX": 1,
                          },
                        ],
                        "width": NaN,
                      }
                    }
                  />
                  <View
                    collapsable={false}
                    style={
                      {
                        "alignItems": "center",
                        "bottom": 0,
                        "left": 0,
                        "opacity": 1,
                        "position": "absolute",
                        "right": 0,
                        "top": NaN,
                      }
                    }
                  >
                    <Text
                      accessibilityElementsHidden={true}
                      allowFontScaling={false}
                      importantForAccessibility="no-hide-descendants"
                      pointerEvents="none"
                      selectable={false}
                      style={
                        [
                          {
                            "color": "rgb(40, 24, 5)",
                            "fontSize": NaN,
                          },
                          [
                            {
                              "lineHeight": NaN,
                              "transform": [
                                {
                                  "scaleX": 1,
                                },
                              ],
                            },
                            {
                              "backgroundColor": "transparent",
                            },
                          ],
                          {
                            "fontFamily": "Material Design Icons",
                            "fontStyle": "normal",
                            "fontWeight": "normal",
                          },
                          {},
                        ]
                      }
                    >
                      󰍉
                    </Text>
                  </View>
                  <View
                    collapsable={false}
                    style={
                      {
                        "alignItems": "center",
                        "bottom": 0,
                        "left": 0,
                        "opacity": 0,
                        "position": "absolute",
                        "right": 0,
                        "top": NaN,
                      }
                    }
                  >
                    <Text
                      accessibilityElementsHidden={true}
                      allowFontScaling={false}
                      importantForAccessibility="no-hide-descendants"
                      pointerEvents="none"
                      selectable={false}
                      style={
                        [
                          {
                            "color": "rgb(80, 69, 57)",
                            "fontSize": NaN,
                          },
                          [
                            {
                              "lineHeight": NaN,
                              "transform": [
                                {
                                  "scaleX": 1,
                                },
                              ],
                            },
                            {
                              "backgroundColor": "transparent",
                            },
                          ],
                          {
                            "fontFamily": "Material Design Icons",
                            "fontStyle": "normal",
                            "fontWeight": "normal",
                          },
                          {},
                        ]
                      }
                    >
                      󰍉
                    </Text>
                  </View>
                  <View
                    style={
                      [
                        {
                          "left": 0,
                          "position": "absolute",
                        },
                        {
                          "right": 0,
                          "top": NaN,
                        },
                      ]
                    }
                  >
                    <Text
                      collapsable={false}
                      numberOfLines={1}
                      style={
                        {
                          "alignSelf": "flex-end",
                          "backgroundColor": "rgb(186, 26, 26)",
                          "borderRadius": NaN,
                          "color": "rgb(255, 255, 255)",
                          "fontSize": NaN,
                          "height": NaN,
                          "lineHeight": NaN,
                          "minWidth": NaN,
                          "opacity": 0,
                          "overflow": "hidden",
                          "paddingHorizontal": NaN,
                          "textAlign": "center",
                          "textAlignVertical": "center",
                        }
                      }
                    />
                  </View>
                </View>
                <View
                  collapsable={false}
                  style={
                    {
                      "height": NaN,
                      "paddingBottom": NaN,
                    }
                  }
                >
                  <View
                    collapsable={false}
                    style={
                      {
                        "bottom": 0,
                        "left": 0,
                        "position": "absolute",
                        "right": 0,
                        "top": 0,
                      }
                    }
                  >
                    <Text
                      maxFontSizeMultiplier={1}
                      style={
                        [
                          {
                            "color": "rgb(31, 27, 22)",
                            "fontFamily": "System",
                            "fontSize": NaN,
                            "fontWeight": "500",
                            "letterSpacing": NaN,
                            "lineHeight": NaN,
                          },
                          {
                            "textAlign": "left",
                          },
                          {
                            "writingDirection": "ltr",
                          },
                          [
                            {
                              "backgroundColor": "transparent",
                              "fontSize": NaN,
                              "height": NaN,
                              "textAlign": "center",
                            },
                            {
                              "color": "rgb(31, 27, 22)",
                              "fontFamily": "System",
                              "fontSize": NaN,
                              "fontWeight": "500",
                              "letterSpacing": NaN,
                              "lineHeight": NaN,
                            },
                          ],
                        ]
                      }
                    >
                      Route: 0
                    </Text>
                  </View>
                  <View
                    collapsable={false}
                    style={
                      {
                        "bottom": 0,
                        "left": 0,
                        "opacity": 0,
                        "position": "absolute",
                        "right": 0,
                        "top": 0,
                      }
                    }
                  >
                    <Text
                      maxFontSizeMultiplier={1}
                      selectable={false}
                      style={
                        [
                          {
                            "color": "rgb(31, 27, 22)",
                            "fontFamily": "System",
                            "fontSize": NaN,
                            "fontWeight": "500",
                            "letterSpacing": NaN,
                            "lineHeight": NaN,
                          },
                          {
                            "textAlign": "left",
                          },
                          {
                            "writingDirection": "ltr",
                          },
                          [
                            {
                              "backgroundColor": "transparent",
                              "fontSize": NaN,
                              "height": NaN,
                              "textAlign": "center",
                            },
                            {
                              "color": "rgb(31, 27, 22)",
                              "fontFamily": "System",
                              "fontSize": NaN,
                              "fontWeight": "500",
                              "letterSpacing": NaN,
                              "lineHeight": NaN,
                            },
                          ],
                        ]
                      }
                    >
                      Route: 0
                    </Text>
                  </View>
                </View>
              </View>
            </View>
            <View
              accessibilityRole="button"
              accessibilityState={
                {
                  "busy": undefined,
                  "checked": undefined,
                  "disabled": undefined,
                  "expanded": undefined,
                  "selected": false,
                }
              }
              accessible={true}
              focusable={true}
              onClick={[Function]}
              onResponderGrant={[Function]}
              onResponderMove={[Function]}
              onResponderRelease={[Function]}
              onResponderTerminate={[Function]}
              onResponderTerminationRequest={[Function]}
              onStartShouldSetResponder={[Function]}
              style={
                [
                  {
                    "flex": 1,
                    "paddingVertical": NaN,
                  },
                  {
                    "paddingVertical": 0,
                  },
                ]
              }
            >
              <View
                pointerEvents="none"
                style={
                  {
                    "paddingBottom": NaN,
                    "paddingTop": NaN,
                  }
                }
              >
                <View
                  collapsable={false}
                  style={
                    {
                      "alignSelf": "center",
                      "height": NaN,
                      "justifyContent": "center",
                      "marginBottom": NaN,
                      "marginHorizontal": NaN,
                      "marginTop": 0,
                      "width": NaN,
                    }
                  }
                >
                  <View
                    collapsable={false}
                    style={
                      {
                        "alignItems": "center",
                        "bottom": 0,
                        "left": 0,
                        "opacity": 0,
                        "position": "absolute",
                        "right": 0,
                        "top": NaN,
                      }
                    }
                  >
                    <Text
                      accessibilityElementsHidden={true}
                      allowFontScaling={false}
                      importantForAccessibility="no-hide-descendants"
                      pointerEvents="none"
                      selectable={false}
                      style={
                        [
                          {
                            "color": "rgb(40, 24, 5)",
                            "fontSize": NaN,
                          },
                          [
                            {
                              "lineHeight": NaN,
                              "transform": [
                                {
                                  "scaleX": 1,
                                },
                              ],
                            },
                            {
                              "backgroundColor": "transparent",
                            },
                          ],
                          {
                            "fontFamily": "Material Design Icons",
                            "fontStyle": "normal",
                            "fontWeight": "normal",
                          },
                          {},
                        ]
                      }
                    >
                      󰄀
                    </Text>
                  </View>
                  <View
                    collapsable={false}
                    style={
                      {
                        "alignItems": "center",
                        "bottom": 0,
                        "left": 0,
                        "opacity": 1,
                        "position": "absolute",
                        "right": 0,
                        "top": NaN,
                      }
                    }
                  >
                    <Text
                      accessibilityElementsHidden={true}
                      allowFontScaling={false}
                      importantForAccessibility="no-hide-descendants"
                      pointerEvents="none"
                      selectable={false}
                      style={
                        [
                          {
                            "color": "rgb(80, 69, 57)",
                            "fontSize": NaN,
                          },
                          [
                            {
                              "lineHeight": NaN,
                              "transform": [
                                {
                                  "scaleX": 1,
                                },
                              ],
                            },
                            {
                              "backgroundColor": "transparent",
                            },
                          ],
                          {
                            "fontFamily": "Material Design Icons",
                            "fontStyle": "normal",
                            "fontWeight": "normal",
                          },
                          {},
                        ]
                      }
                    >
                      󰄀
                    </Text>
                  </View>
                  <View
                    style={
                      [
                        {
                          "left": 0,
                          "position": "absolute",
                        },
                        {
                          "right": 0,
                          "top": NaN,
                        },
                      ]
                    }
                  >
                    <Text
                      collapsable={false}
                      numberOfLines={1}
                      style={
                        {
                          "alignSelf": "flex-end",
                          "backgroundColor": "rgb(186, 26, 26)",
                          "borderRadius": NaN,
                          "color": "rgb(255, 255, 255)",
                          "fontSize": NaN,
                          "height": NaN,
                          "lineHeight": NaN,
                          "minWidth": NaN,
                          "opacity": 0,
                          "overflow": "hidden",
                          "paddingHorizontal": NaN,
                          "textAlign": "center",
                          "textAlignVertical": "center",
                        }
                      }
                    />
                  </View>
                </View>
                <View
                  collapsable={false}
                  style={
                    {
                      "height": NaN,
                      "paddingBottom": NaN,
                    }
                  }
                >
                  <View
                    collapsable={false}
                    style={
                      {
                        "bottom": 0,
                        "left": 0,
                        "position": "absolute",
                        "right": 0,
                        "top": 0,
                      }
                    }
                  >
                    <Text
                      maxFontSizeMultiplier={1}
                      style={
                        [
                          {
                            "color": "rgb(31, 27, 22)",
                            "fontFamily": "System",
                            "fontSize": NaN,
                            "fontWeight": "500",
                            "letterSpacing": NaN,
                            "lineHeight": NaN,
                          },
                          {
                            "textAlign": "left",
                          },
                          {
                            "writingDirection": "ltr",
                          },
                          [
                            {
                              "backgroundColor": "transparent",
                              "fontSize": NaN,
                              "height": NaN,
                              "textAlign": "center",
                            },
                            {
                              "color": "rgb(80, 69, 57)",
                              "fontFamily": "System",
                              "fontSize": NaN,
                              "fontWeight": "500",
                              "letterSpacing": NaN,
                              "lineHeight": NaN,
                            },
                          ],
                        ]
                      }
                    >
                      Route: 1
                    </Text>
                  </View>
                  <View
                    collapsable={false}
                    style={
                      {
                        "bottom": 0,
                        "left": 0,
                        "opacity": 1,
                        "position": "absolute",
                        "right": 0,
                        "top": 0,
                      }
                    }
                  >
                    <Text
                      maxFontSizeMultiplier={1}
                      selectable={false}
                      style={
                        [
                          {
                            "color": "rgb(31, 27, 22)",
                            "fontFamily": "System",
                            "fontSize": NaN,
                            "fontWeight": "500",
                            "letterSpacing": NaN,
                            "lineHeight": NaN,
                          },
                          {
                            "textAlign": "left",
                          },
                          {
                            "writingDirection": "ltr",
                          },
                          [
                            {
                              "backgroundColor": "transparent",
                              "fontSize": NaN,
                              "height": NaN,
                              "textAlign": "center",
                            },
                            {
                              "color": "rgb(80, 69, 57)",
                              "fontFamily": "System",
                              "fontSize": NaN,
                              "fontWeight": "500",
                              "letterSpacing": NaN,
                              "lineHeight": NaN,
                            },
                          ],
                        ]
                      }
                    >
                      Route: 1
                    </Text>
                  </View>
                </View>
              </View>
            </View>
            <View
              accessibilityRole="button"
              accessibilityState={
                {
                  "busy": undefined,
                  "checked": undefined,
                  "disabled": undefined,
                  "expanded": undefined,
                  "selected": false,
                }
              }
              accessible={true}
              focusable={true}
              onClick={[Function]}
              onResponderGrant={[Function]}
              onResponderMove={[Function]}
              onResponderRelease={[Function]}
              onResponderTerminate={[Function]}
              onResponderTerminationRequest={[Function]}
              onStartShouldSetResponder={[Function]}
              style={
                [
                  {
                    "flex": 1,
                    "paddingVertical": NaN,
                  },
                  {
                    "paddingVertical": 0,
                  },
                ]
              }
            >
              <View
                pointerEvents="none"
                style={
                  {
                    "paddingBottom": NaN,
                    "paddingTop": NaN,
                  }
                }
              >
                <View
                  collapsable={false}
                  style={
                    {
                      "alignSelf": "center",
                      "height": NaN,
                      "justifyContent": "center",
                      "marginBottom": NaN,
                      "marginHorizontal": NaN,
                      "marginTop": 0,
                      "width": NaN,
                    }
                  }
                >
                  <View
                    collapsable={false}
                    style={
                      {
                        "alignItems": "center",
                        "bottom": 0,
                        "left": 0,
                        "opacity": 0,
                        "position": "absolute",
                        "right": 0,
                        "top": NaN,
                      }
                    }
                  >
                    <Text
                      accessibilityElementsHidden={true}
                      allowFontScaling={false}
                      importantForAccessibility="no-hide-descendants"
                      pointerEvents="none"
                      selectable={false}
                      style={
                        [
                          {
                            "color": "rgb(40, 24, 5)",
                            "fontSize": NaN,
                          },
                          [
                            {
                              "lineHeight": NaN,
                              "transform": [
                                {
                                  "scaleX": 1,
                                },
                              ],
                            },
                            {
                              "backgroundColor": "transparent",
                            },
                          ],
                          {
                            "fontFamily": "Material Design Icons",
                            "fontStyle": "normal",
                            "fontWeight": "normal",
                          },
                          {},
                        ]
                      }
                    >
                      󰚇
                    </Text>
                  </View>
                  <View
                    collapsable={false}
                    style={
                      {
                        "alignItems": "center",
                        "bottom": 0,
                        "left": 0,
                        "opacity": 1,
                        "position": "absolute",
                        "right": 0,
                        "top": NaN,
                      }
                    }
                  >
                    <Text
                      accessibilityElementsHidden={true}
                      allowFontScaling={false}
                      importantForAccessibility="no-hide-descendants"
                      pointerEvents="none"
                      selectable={false}
                      style={
                        [
                          {
                            "color": "rgb(80, 69, 57)",
                            "fontSize": NaN,
                          },
                          [
                            {
                              "lineHeight": NaN,
                              "transform": [
                                {
                                  "scaleX": 1,
                                },
                              ],
                            },
                            {
                              "backgroundColor": "transparent",
                            },
                          ],
                          {
                            "fontFamily": "Material Design Icons",
                            "fontStyle": "normal",
                            "fontWeight": "normal",
                          },
                          {},
                        ]
                      }
                    >
                      󰚇
                    </Text>
                  </View>
                  <View
                    style={
                      [
                        {
                          "left": 0,
                          "position": "absolute",
                        },
                        {
                          "right": 0,
                          "top": NaN,
                        },
                      ]
                    }
                  >
                    <Text
                      collapsable={false}
                      numberOfLines={1}
                      style={
                        {
                          "alignSelf": "flex-end",
                          "backgroundColor": "rgb(186, 26, 26)",
                          "borderRadius": NaN,
                          "color": "rgb(255, 255, 255)",
                          "fontSize": NaN,
                          "height": NaN,
                          "lineHeight": NaN,
                          "minWidth": NaN,
                          "opacity": 0,
                          "overflow": "hidden",
                          "paddingHorizontal": NaN,
                          "textAlign": "center",
                          "textAlignVertical": "center",
                        }
                      }
                    />
                  </View>
                </View>
                <View
                  collapsable={false}
                  style={
                    {
                      "height": NaN,
                      "paddingBottom": NaN,
                    }
                  }
                >
                  <View
                    collapsable={false}
                    style={
                      {
                        "bottom": 0,
                        "left": 0,
                        "position": "absolute",
                        "right": 0,
                        "top": 0,
                      }
                    }
                  >
                    <Text
                      maxFontSizeMultiplier={1}
                      style={
                        [
                          {
                            "color": "rgb(31, 27, 22)",
                            "fontFamily": "System",
                            "fontSize": NaN,
                            "fontWeight": "500",
                            "letterSpacing": NaN,
                            "lineHeight": NaN,
                          },
                          {
                            "textAlign": "left",
                          },
                          {
                            "writingDirection": "ltr",
                          },
                          [
                            {
                              "backgroundColor": "transparent",
                              "fontSize": NaN,
                              "height": NaN,
                              "textAlign": "center",
                            },
                            {
                              "color": "rgb(80, 69, 57)",
                              "fontFamily": "System",
                              "fontSize": NaN,
                              "fontWeight": "500",
                              "letterSpacing": NaN,
                              "lineHeight": NaN,
                            },
                          ],
                        ]
                      }
                    >
                      Route: 2
                    </Text>
                  </View>
                  <View
                    collapsable={false}
                    style={
                      {
                        "bottom": 0,
                        "left": 0,
                        "opacity": 1,
                        "position": "absolute",
                        "right": 0,
                        "top": 0,
                      }
                    }
                  >
                    <Text
                      maxFontSizeMultiplier={1}
                      selectable={false}
                      style={
                        [
                          {
                            "color": "rgb(31, 27, 22)",
                            "fontFamily": "System",
                            "fontSize": NaN,
                            "fontWeight": "500",
                            "letterSpacing": NaN,
                            "lineHeight": NaN,
                          },
                          {
                            "textAlign": "left",
                          },
                          {
                            "writingDirection": "ltr",
                          },
                          [
                            {
                              "backgroundColor": "transparent",
                              "fontSize": NaN,
                              "height": NaN,
                              "textAlign": "center",
                            },
                            {
                              "color": "rgb(80, 69, 57)",
                              "fontFamily": "System",
                              "fontSize": NaN,
                              "fontWeight": "500",
                              "letterSpacing": NaN,
                              "lineHeight": NaN,
                            },
                          ],
                        ]
                      }
                    >
                      Route: 2
                    </Text>
                  </View>
                </View>
              </View>
            </View>
            <View
              accessibilityRole="button"
              accessibilityState={
                {
                  "busy": undefined,
                  "checked": undefined,
                  "disabled": undefined,
                  "expanded": undefined,
                  "selected": false,
                }
              }
              accessible={true}
              focusable={true}
              onClick={[Function]}
              onResponderGrant={[Function]}
              onResponderMove={[Function]}
              onResponderRelease={[Function]}
              onResponderTerminate={[Function]}
              onResponderTerminationRequest={[Function]}
              onStartShouldSetResponder={[Function]}
              style={
                [
                  {
                    "flex": 1,
                    "paddingVertical": NaN,
                  },
                  {
                    "paddingVertical": 0,
                  },
                ]
              }
            >
              <View
                pointerEvents="none"
                style={
                  {
                    "paddingBottom": NaN,
                    "paddingTop": NaN,
                  }
                }
              >
                <View
                  collapsable={false}
                  style={
                    {
                      "alignSelf": "center",
                      "height": NaN,
                      "justifyContent": "center",
                      "marginBottom": NaN,
                      "marginHorizontal": NaN,
                      "marginTop": 0,
                      "width": NaN,
                    }
                  }
                >
                  <View
                    collapsable={false}
                    style={
                      {
                        "alignItems": "center",
                        "bottom": 0,
                        "left": 0,
                        "opacity": 0,
                        "position": "absolute",
                        "right": 0,
                        "top": NaN,
                      }
                    }
                  >
                    <Text
                      accessibilityElementsHidden={true}
                      allowFontScaling={false}
                      importantForAccessibility="no-hide-descendants"
                      pointerEvents="none"
                      selectable={false}
                      style={
                        [
                          {
                            "color": "rgb(40, 24, 5)",
                            "fontSize": NaN,
                          },
                          [
                            {
                              "lineHeight": NaN,
                              "transform": [
                                {
                                  "scaleX": 1,
                                },
                              ],
                            },
                            {
                              "backgroundColor": "transparent",
                            },
                          ],
                          {
                            "fontFamily": "Material Design Icons",
                            "fontStyle": "normal",
                            "fontWeight": "normal",
                          },
                          {},
                        ]
                      }
                    >
                      󰋑
                    </Text>
                  </View>
                  <View
                    collapsable={false}
                    style={
                      {
                        "alignItems": "center",
                        "bottom": 0,
                        "left": 0,
                        "opacity": 1,
                        "position": "absolute",
                        "right": 0,
                        "top": NaN,
                      }
                    }
                  >
                    <Text
                      accessibilityElementsHidden={true}
                      allowFontScaling={false}
                      importantForAccessibility="no-hide-descendants"
                      pointerEvents="none"
                      selectable={false}
                      style={
                        [
                          {
                            "color": "rgb(80, 69, 57)",
                            "fontSize": NaN,
                          },
                          [
                            {
                              "lineHeight": NaN,
                              "transform": [
                                {
                                  "scaleX": 1,
                                },
                              ],
                            },
                            {
                              "backgroundColor": "transparent",
                            },
                          ],
                          {
                            "fontFamily": "Material Design Icons",
                            "fontStyle": "normal",
                            "fontWeight": "normal",
                          },
                          {},
                        ]
                      }
                    >
                      󰋑
                    </Text>
                  </View>
                  <View
                    style={
                      [
                        {
                          "left": 0,
                          "position": "absolute",
                        },
                        {
                          "right": 0,
                          "top": NaN,
                        },
                      ]
                    }
                  >
                    <Text
                      collapsable={false}
                      numberOfLines={1}
                      style={
                        {
                          "alignSelf": "flex-end",
                          "backgroundColor": "rgb(186, 26, 26)",
                          "borderRadius": NaN,
                          "color": "rgb(255, 255, 255)",
                          "fontSize": NaN,
                          "height": NaN,
                          "lineHeight": NaN,
                          "minWidth": NaN,
                          "opacity": 0,
                          "overflow": "hidden",
                          "paddingHorizontal": NaN,
                          "textAlign": "center",
                          "textAlignVertical": "center",
                        }
                      }
                    />
                  </View>
                </View>
                <View
                  collapsable={false}
                  style={
                    {
                      "height": NaN,
                      "paddingBottom": NaN,
                    }
                  }
                >
                  <View
                    collapsable={false}
                    style={
                      {
                        "bottom": 0,
                        "left": 0,
                        "position": "absolute",
                        "right": 0,
                        "top": 0,
                      }
                    }
                  >
                    <Text
                      maxFontSizeMultiplier={1}
                      style={
                        [
                          {
                            "color": "rgb(31, 27, 22)",
                            "fontFamily": "System",
                            "fontSize": NaN,
                            "fontWeight": "500",
                            "letterSpacing": NaN,
                            "lineHeight": NaN,
                          },
                          {
                            "textAlign": "left",
                          },
                          {
                            "writingDirection": "ltr",
                          },
                          [
                            {
                              "backgroundColor": "transparent",
                              "fontSize": NaN,
                              "height": NaN,
                              "textAlign": "center",
                            },
                            {
                              "color": "rgb(80, 69, 57)",
                              "fontFamily": "System",
                              "fontSize": NaN,
                              "fontWeight": "500",
                              "letterSpacing": NaN,
                              "lineHeight": NaN,
                            },
                          ],
                        ]
                      }
                    >
                      Route: 3
                    </Text>
                  </View>
                  <View
                    collapsable={false}
                    style={
                      {
                        "bottom": 0,
                        "left": 0,
                        "opacity": 1,
                        "position": "absolute",
                        "right": 0,
                        "top": 0,
                      }
                    }
                  >
                    <Text
                      maxFontSizeMultiplier={1}
                      selectable={false}
                      style={
                        [
                          {
                            "color": "rgb(31, 27, 22)",
                            "fontFamily": "System",
                            "fontSize": NaN,
                            "fontWeight": "500",
                            "letterSpacing": NaN,
                            "lineHeight": NaN,
                          },
                          {
                            "textAlign": "left",
                          },
                          {
                            "writingDirection": "ltr",
                          },
                          [
                            {
                              "backgroundColor": "transparent",
                              "fontSize": NaN,
                              "height": NaN,
                              "textAlign": "center",
                            },
                            {
                              "color": "rgb(80, 69, 57)",
                              "fontFamily": "System",
                              "fontSize": NaN,
                              "fontWeight": "500",
                              "letterSpacing": NaN,
                              "lineHeight": NaN,
                            },
                          ],
                        ]
                      }
                    >
                      Route: 3
                    </Text>
                  </View>
                </View>
              </View>
            </View>
            <View
              accessibilityRole="button"
              accessibilityState={
                {
                  "busy": undefined,
                  "checked": undefined,
                  "disabled": undefined,
                  "expanded": undefined,
                  "selected": false,
                }
              }
              accessible={true}
              focusable={true}
              onClick={[Function]}
              onResponderGrant={[Function]}
              onResponderMove={[Function]}
              onResponderRelease={[Function]}
              onResponderTerminate={[Function]}
              onResponderTerminationRequest={[Function]}
              onStartShouldSetResponder={[Function]}
              style={
                [
                  {
                    "flex": 1,
                    "paddingVertical": NaN,
                  },
                  {
                    "paddingVertical": 0,
                  },
                ]
              }
            >
              <View
                pointerEvents="none"
                style={
                  {
                    "paddingBottom": NaN,
                    "paddingTop": NaN,
                  }
                }
              >
                <View
                  collapsable={false}
                  style={
                    {
                      "alignSelf": "center",
                      "height": NaN,
                      "justifyContent": "center",
                      "marginBottom": NaN,
                      "marginHorizontal": NaN,
                      "marginTop": 0,
                      "width": NaN,
                    }
                  }
                >
                  <View
                    collapsable={false}
                    style={
                      {
                        "alignItems": "center",
                        "bottom": 0,
                        "left": 0,
                        "opacity": 0,
                        "position": "absolute",
                        "right": 0,
                        "top": NaN,
                      }
                    }
                  >
                    <Text
                      accessibilityElementsHidden={true}
                      allowFontScaling={false}
                      importantForAccessibility="no-hide-descendants"
                      pointerEvents="none"
                      selectable={false}
                      style={
                        [
                          {
                            "color": "rgb(40, 24, 5)",
                            "fontSize": NaN,
                          },
                          [
                            {
                              "lineHeight": NaN,
                              "transform": [
                                {
                                  "scaleX": 1,
                                },
                              ],
                            },
                            {
                              "backgroundColor": "transparent",
                            },
                          ],
                          {
                            "fontFamily": "Material Design Icons",
                            "fontStyle": "normal",
                            "fontWeight": "normal",
                          },
                          {},
                        ]
                      }
                    >
                      󰒛
                    </Text>
                  </View>
                  <View
                    collapsable={false}
                    style={
                      {
                        "alignItems": "center",
                        "bottom": 0,
                        "left": 0,
                        "opacity": 1,
                        "position": "absolute",
                        "right": 0,
                        "top": NaN,
                      }
                    }
                  >
                    <Text
                      accessibilityElementsHidden={true}
                      allowFontScaling={false}
                      importantForAccessibility="no-hide-descendants"
                      pointerEvents="none"
                      selectable={false}
                      style={
                        [
                          {
                            "color": "rgb(80, 69, 57)",
                            "fontSize": NaN,
                          },
                          [
                            {
                              "lineHeight": NaN,
                              "transform": [
                                {
                                  "scaleX": 1,
                                },
                              ],
                            },
                            {
                              "backgroundColor": "transparent",
                            },
                          ],
                          {
                            "fontFamily": "Material Design Icons",
                            "fontStyle": "normal",
                            "fontWeight": "normal",
                          },
                          {},
                        ]
                      }
                    >
                      󰒛
                    </Text>
                  </View>
                  <View
                    style={
                      [
                        {
                          "left": 0,
                          "position": "absolute",
                        },
                        {
                          "right": 0,
                          "top": NaN,
                        },
                      ]
                    }
                  >
                    <Text
                      collapsable={false}
                      numberOfLines={1}
                      style={
                        {
                          "alignSelf": "flex-end",
                          "backgroundColor": "rgb(186, 26, 26)",
                          "borderRadius": NaN,
                          "color": "rgb(255, 255, 255)",
                          "fontSize": NaN,
                          "height": NaN,
                          "lineHeight": NaN,
                          "minWidth": NaN,
                          "opacity": 0,
                          "overflow": "hidden",
                          "paddingHorizontal": NaN,
                          "textAlign": "center",
                          "textAlignVertical": "center",
                        }
                      }
                    />
                  </View>
                </View>
                <View
                  collapsable={false}
                  style={
                    {
                      "height": NaN,
                      "paddingBottom": NaN,
                    }
                  }
                >
                  <View
                    collapsable={false}
                    style={
                      {
                        "bottom": 0,
                        "left": 0,
                        "position": "absolute",
                        "right": 0,
                        "top": 0,
                      }
                    }
                  >
                    <Text
                      maxFontSizeMultiplier={1}
                      style={
                        [
                          {
                            "color": "rgb(31, 27, 22)",
                            "fontFamily": "System",
                            "fontSize": NaN,
                            "fontWeight": "500",
                            "letterSpacing": NaN,
                            "lineHeight": NaN,
                          },
                          {
                            "textAlign": "left",
                          },
                          {
                            "writingDirection": "ltr",
                          },
                          [
                            {
                              "backgroundColor": "transparent",
                              "fontSize": NaN,
                              "height": NaN,
                              "textAlign": "center",
                            },
                            {
                              "color": "rgb(80, 69, 57)",
                              "fontFamily": "System",
                              "fontSize": NaN,
                              "fontWeight": "500",
                              "letterSpacing": NaN,
                              "lineHeight": NaN,
                            },
                          ],
                        ]
                      }
                    >
                      Route: 4
                    </Text>
                  </View>
                  <View
                    collapsable={false}
                    style={
                      {
                        "bottom": 0,
                        "left": 0,
                        "opacity": 1,
                        "position": "absolute",
                        "right": 0,
                        "top": 0,
                      }
                    }
                  >
                    <Text
                      maxFontSizeMultiplier={1}
                      selectable={false}
                      style={
                        [
                          {
                            "color": "rgb(31, 27, 22)",
                            "fontFamily": "System",
                            "fontSize": NaN,
                            "fontWeight": "500",
                            "letterSpacing": NaN,
                            "lineHeight": NaN,
                          },
                          {
                            "textAlign": "left",
                          },
                          {
                            "writingDirection": "ltr",
                          },
                          [
                            {
                              "backgroundColor": "transparent",
                              "fontSize": NaN,
                              "height": NaN,
                              "textAlign": "center",
                            },
                            {
                              "color": "rgb(80, 69, 57)",
                              "fontFamily": "System",
                              "fontSize": NaN,
                              "fontWeight": "500",
                              "letterSpacing": NaN,
                              "lineHeight": NaN,
                            },
                          ],
                        ]
                      }
                    >
                      Route: 4
                    </Text>
                  </View>
                </View>
              </View>
            </View>
          </View>
        </View>
      </View>
    </View>
  </View>
</View>
`;

exports[`renders bottom navigation with scene animation 1`] = `null`;

exports[`renders custom icon and label in non-shifting bottom navigation 1`] = `null`;

exports[`renders custom icon and label in shifting bottom navigation 1`] = `null`;

exports[`renders custom icon and label with custom colors in non-shifting bottom navigation 1`] = `null`;

exports[`renders custom icon and label with custom colors in shifting bottom navigation 1`] = `null`;

exports[`renders non-shifting bottom navigation 1`] = `null`;

exports[`renders shifting bottom navigation 1`] = `null`;
