// Jest Snapshot v1, https://goo.gl/fbAQLP

exports[`renders button with an accessibility hint 1`] = `null`;

exports[`renders button with an accessibility label 1`] = `null`;

exports[`renders button with button color 1`] = `null`;

exports[`renders button with color 1`] = `null`;

exports[`renders button with custom testID 1`] = `null`;

exports[`renders button with icon 1`] = `null`;

exports[`renders button with icon in reverse order 1`] = `null`;

exports[`renders contained contained with mode 1`] = `null`;

exports[`renders disabled button 1`] = `null`;

exports[`renders loading button 1`] = `null`;

exports[`renders outlined button with mode 1`] = `null`;

exports[`renders text button by default 1`] = `null`;

exports[`renders text button with mode 1`] = `null`;
