// Jest Snapshot v1, https://goo.gl/fbAQLP

exports[`renders chip with close button 1`] = `null`;

exports[`renders chip with custom close button 1`] = `null`;

exports[`renders chip with icon 1`] = `null`;

exports[`renders chip with onPress 1`] = `null`;

exports[`renders outlined disabled chip 1`] = `null`;

exports[`renders selected chip 1`] = `null`;
