// Jest Snapshot v1, https://goo.gl/fbAQLP

exports[`renders FAB with custom size prop 1`] = `null`;

exports[`renders custom color for the icon and label of the FAB 1`] = `null`;

exports[`renders default FAB 1`] = `null`;

exports[`renders disabled FAB 1`] = `null`;

exports[`renders extended FAB 1`] = `null`;

exports[`renders extended FAB with custom size prop 1`] = `null`;

exports[`renders large FAB 1`] = `null`;

exports[`renders loading FAB 1`] = `null`;

exports[`renders loading FAB with custom size prop 1`] = `null`;

exports[`renders not visible FAB 1`] = `null`;

exports[`renders small FAB 1`] = `null`;

exports[`renders visible FAB 1`] = `null`;
