// Jest Snapshot v1, https://goo.gl/fbAQLP

exports[`renders disabled icon button 1`] = `null`;

exports[`renders icon button by default 1`] = `null`;

exports[`renders icon button with color 1`] = `null`;

exports[`renders icon button with size 1`] = `null`;

exports[`renders icon change animated 1`] = `null`;
