// Jest Snapshot v1, https://goo.gl/fbAQLP

exports[`renders expanded accordion 1`] = `null`;

exports[`renders list accordion with children 1`] = `null`;

exports[`renders list accordion with custom title and description styles 1`] = `null`;

exports[`renders list accordion with left items 1`] = `null`;

exports[`renders multiline list accordion 1`] = `null`;
