// Jest Snapshot v1, https://goo.gl/fbAQLP

exports[`renders list item with custom description 1`] = `null`;

exports[`renders list item with custom title and description styles 1`] = `null`;

exports[`renders list item with left and right items 1`] = `null`;

exports[`renders list item with left item 1`] = `null`;

exports[`renders list item with right item 1`] = `null`;

exports[`renders list item with title and description 1`] = `null`;

exports[`renders with a description with typeof number 1`] = `null`;
